[03/05/2012 00:27:27] /i ultra ball
[03/05/2012 00:27:31] /m bayleef
[03/05/2012 00:27:57] /m cleffa
[03/05/2012 00:31:42] /m totodile
[03/05/2012 00:35:45] /m golbat
[03/05/2012 00:41:38] /m golbat
[03/05/2012 00:41:48] /m cleffa
[03/05/2012 00:41:55] /m mantine
[03/05/2012 00:42:18] /m totodile
[03/05/2012 00:42:40] /m cindaquil
[03/05/2012 00:42:43] /m cyndaquil
[03/05/2012 00:42:53] /m cyndaquil
[03/05/2012 00:42:54] /m cyndaquil
[03/05/2012 00:42:54] /m cyndaquil
[03/05/2012 00:43:14] /m cyndaquil
[03/05/2012 00:43:15] /m cyndaquil
[03/05/2012 00:43:16] /m cyndaquil
[03/05/2012 00:43:16] /m cyndaquil
[03/05/2012 00:54:30] /m charmeleon
[03/05/2012 00:56:24] /reload talkactions
[03/05/2012 00:56:28] /reload creaturescript
[03/05/2012 00:57:47] /reload creaturescript
[03/05/2012 00:58:50] /m wartortle
[03/05/2012 01:00:47] /reload creaturescript
[03/05/2012 01:00:55] /m pidgeotto
[03/05/2012 01:02:10] /reload creaturescript
[03/05/2012 01:02:25] /m ivysaur, 40
[03/05/2012 01:02:53] /m ivysaur, 70
[03/05/2012 01:04:55] /m arcanine, 60
[03/05/2012 01:06:14] /m arcanine, 50
[03/05/2012 01:12:54] /m arcanine, 50
[03/05/2012 01:15:41] /m arcanine
[03/05/2012 01:15:53] /m arcanine, 50
[03/05/2012 01:16:30] /m arcanine, 50
[03/05/2012 01:17:36] /m arcanine, 50
[03/05/2012 01:18:41] /m arcanine, 50
[03/05/2012 10:54:17] /m scyther, 60
[03/05/2012 10:55:04] /m charizard
[03/05/2012 10:59:17] /m charizard
[03/05/2012 11:08:07] /m charizard
[03/05/2012 11:13:21] /m charmeleon, 90
[03/05/2012 11:16:26] /m charmeleon, 90
[03/05/2012 11:19:55] /m charmeleon, 80
[03/05/2012 11:24:27] /m charmeleon, 80
[03/05/2012 11:27:45] /m charmeleon, 80
[03/05/2012 11:34:30] /m scyther, 80
[03/05/2012 11:35:06] /m scyther, 40
[03/05/2012 11:40:03] /m scyther, 40
[03/05/2012 11:40:28] /m scyther, 40
[03/05/2012 11:41:21] /m charmeleon, 100
[03/05/2012 11:42:06] /m charmeleon, 80
[03/05/2012 11:45:50] /m charmeleon, 80
[03/05/2012 11:49:06] /m charmeleon, 100
[03/05/2012 11:49:26] /m charmeleon, 80
[03/05/2012 11:50:03] /m scyther, 40
[03/05/2012 11:53:11] /m scyther, 40
[03/05/2012 11:55:00] /m scyther, 40
[03/05/2012 12:24:45] /m scyther, 40
[03/05/2012 12:27:40] /m charmeleon, 80
[03/05/2012 12:32:31] /m charmeleon, 80
[03/05/2012 12:33:40] /m charmeleon, 80
[03/05/2012 12:36:34] /m scyther, 40
[03/05/2012 12:37:16] /m scyther, 40
[03/05/2012 12:38:18] /m scyther, 40
[03/05/2012 12:39:04] /m scyther, 50
[03/05/2012 12:47:39] /m scyther, 40
[03/05/2012 12:51:25] /m scyther, 40
[03/05/2012 12:51:36] /m scyther, 100
[03/05/2012 12:52:22] /reload talkactions
[03/05/2012 12:52:36] /m scyther, 100
[03/05/2012 12:52:45] /m scyther, 40
[03/05/2012 12:56:25] /m scyther, 40
[03/05/2012 12:58:15] /reload creaturescript
[03/05/2012 12:58:18] /m scyther, 40
[03/05/2012 12:58:36] /m scyther, 40
[03/05/2012 12:59:33] /m scyther, 40
[03/05/2012 13:00:49] /m scyther, 40
[03/05/2012 17:47:11] /m scyther, 40
[03/05/2012 17:51:19] /m charmeleon, 80
[03/05/2012 17:52:25] /m charmeleon
[03/05/2012 17:52:52] /m charmeleon
[03/05/2012 17:53:17] /m charmeleon, 80
[03/05/2012 17:55:03] /m charmeleon, 80
[03/05/2012 17:56:52] /m scyther, 40
[03/05/2012 17:57:18] /m scyther, 40
[03/05/2012 17:57:54] /m scyther, 40
[03/05/2012 18:02:18] /m scyther, 40
[03/05/2012 18:06:44] /m scyther, 40
[03/05/2012 18:07:54] /m scyther, 0
[03/05/2012 18:08:06] /m scyther, 40
[03/05/2012 18:09:27] /m scyther, 40
[03/05/2012 18:10:36] /m charmeleon, 80
[03/05/2012 18:21:20] /m scyther, 40
[03/05/2012 18:22:51] /reload creaturescript
[03/05/2012 18:22:56] /m scyther, 40
[03/05/2012 18:23:58] /m scyther, 40
[03/05/2012 18:24:41] /m scyther, 40
[03/05/2012 18:26:03] /m scyther, 40
[03/05/2012 18:27:56] /m charmeleon, 80
[03/05/2012 18:29:32] /m scyther, 40
[03/05/2012 18:30:15] /m scyther, 40
[04/05/2012 14:24:12] /m shiny charizard
[04/05/2012 14:24:52] /m shiny snorlax
[04/05/2012 14:34:32] /reload monster
[04/05/2012 14:35:18] /m shiny snorlax
[04/05/2012 14:35:35] /m shiny charizard
[04/05/2012 14:36:46] /m shiny charizard
[10/05/2012 15:20:22] /m charmander
[10/05/2012 15:20:46] /m dusgtrio
[10/05/2012 15:20:52] /m dugtrio
[10/05/2012 15:22:41] /reload monster
[10/05/2012 15:22:52] /m snorlax
[10/05/2012 15:24:20] /reload monster
[10/05/2012 15:24:36] /m bulbasaur, 100
[10/05/2012 15:25:34] /reload spells
[10/05/2012 15:25:37] /reload monster
[10/05/2012 21:14:25] /m kadabra
[10/05/2012 21:15:03] /reload talkactions
[10/05/2012 21:15:12] /reload creaturescript
[10/05/2012 21:21:45] /m abra
[10/05/2012 21:22:57] /m abra
[16/05/2012 21:46:41] /i 1392
[16/05/2012 21:46:48] /i 1391
[16/05/2012 21:47:15] /m blastoise
[16/05/2012 21:47:16] /m blastoise
[16/05/2012 21:48:04] /m pidgeot
[16/05/2012 21:49:32] /m blastoise, 20
[16/05/2012 21:49:34] /m blastoise, 20
[16/05/2012 21:50:48] /i 1194
[16/05/2012 21:50:50] /i 1193
[16/05/2012 21:50:53] /i 1192
[16/05/2012 21:51:01] /i 1395
[16/05/2012 21:51:15] /i 1396
[16/05/2012 21:51:21] /i 134
[16/05/2012 21:51:25] /i 1394
[16/05/2012 21:51:30] /i 1395
[16/05/2012 21:51:42] /m blastoise
[16/05/2012 21:51:43] /m blastoise
[16/05/2012 21:52:03] /m blastoise, 15
[16/05/2012 21:52:04] /m blastoise, 15
[19/07/2012 11:54:55] /m charmander
[19/07/2012 11:54:56] /m charmander
[19/07/2012 11:54:57] /m charmander
[19/07/2012 11:54:57] /m charmander
[19/07/2012 11:55:27] /m kangaskhan
[19/07/2012 11:55:27] /m kangaskhan
[19/07/2012 11:55:28] /m kangaskhan
[19/07/2012 11:55:28] /m kangaskhan
[19/07/2012 11:55:29] /m kangaskhan
[19/07/2012 11:55:34] /m kangaskhan
[24/07/2012 18:23:01] /m charizard
[24/07/2012 18:23:02] /m charizard
[24/07/2012 18:24:25] /m venusaur
[24/07/2012 18:26:22] /m muk
[24/07/2012 18:31:17] /m kangaskhan
[24/07/2012 18:31:46] /n .wingeon master
[24/07/2012 18:32:34] /m dragonite
[24/07/2012 18:33:40] /reload talkactions
[24/07/2012 18:34:26] /m dragonair
[24/07/2012 18:34:40] /i medicine
[24/07/2012 18:35:20] /m dragonair
[24/07/2012 18:35:53] /m dragonair
[24/07/2012 18:37:07] /i pizza
[24/07/2012 18:37:17] /i hyper potion
[24/07/2012 18:37:20] /i revive
[24/07/2012 18:51:23] /m venusaur
[24/07/2012 18:51:51] /m venusaur
[24/07/2012 18:53:00] /m venusaur
[24/07/2012 18:53:30] /m scyther, 20
[24/07/2012 18:53:51] /m scyther, 20
[24/07/2012 21:23:27] /m machoke
[26/07/2012 23:56:21] /reload talkactions
[26/07/2012 23:57:30] /reload talkactions
[26/07/2012 23:57:45] /reload talkactions
[26/07/2012 23:57:59] /n .wingeon master
[26/07/2012 23:58:47] /reload npc
[27/07/2012 00:05:27] /n .gardestrike master
[27/07/2012 00:05:52] /i 2160
[27/07/2012 00:07:13] /n .malefic master
[27/07/2012 00:17:25] /i 6527
[27/07/2012 00:26:30] /n .wingeon master
[27/07/2012 00:27:58] /reload npc
[29/07/2012 11:08:29] /reload talkactions
[29/07/2012 11:09:10] /i enigma stone
[29/07/2012 11:09:26] /m umbreon
[29/07/2012 11:13:55] /m gengar
[29/07/2012 11:14:48] /i hyper potion
[29/07/2012 11:14:51] /i medicine
[29/07/2012 11:14:53] /i revive
[29/07/2012 11:15:05] /m venusaur
[29/07/2012 11:17:00] /m venusaur
[29/07/2012 11:18:07] /m venusaur
[29/07/2012 11:20:04] /m venusaur
[29/07/2012 11:21:41] /m ivysaur
[29/07/2012 11:22:03] /m venusaur
[29/07/2012 11:22:17] /m ivysaur
[29/07/2012 11:22:44] /m venusaur
[29/07/2012 11:23:31] /m venusaur
[29/07/2012 11:33:29] /m venusaur
[29/07/2012 11:33:55] /m porygon
[29/07/2012 11:44:35] /m porygon, 40
[29/07/2012 11:52:03] /reload monster
[29/07/2012 11:52:13] /m porygon
[29/07/2012 11:52:53] /m igglybuff
[29/07/2012 11:53:38] /m arcanine
[29/07/2012 11:54:15] /m arcanine,40
[29/07/2012 11:54:51] /i pizza
[29/07/2012 11:56:57] /m arcanine,40
[29/07/2012 11:57:53] /m arcanine,40
[29/07/2012 12:00:49] /m jynx
[29/07/2012 12:01:28] /m jynx, 50
[29/07/2012 12:03:30] /i medicine
[04/08/2012 13:25:21] /a 20
[04/08/2012 13:33:08] /reload npc
[04/08/2012 13:33:10] /a 20
[04/08/2012 13:33:16] /n .aclone
[04/08/2012 13:35:13] /i 12590
[04/08/2012 13:35:16] /i 12589
[04/08/2012 13:35:19] /i 12588
[04/08/2012 13:35:46] /reload monster
[04/08/2012 13:40:35] /reload npc
[04/08/2012 13:40:37] /reload actions
[04/08/2012 13:40:40] /reload talkactions
[04/08/2012 13:40:42] /reload monster
[04/08/2012 13:40:45] /reload creaturescripts
[04/08/2012 13:42:53] /a 30
[04/08/2012 13:49:23] /reload talkactions
[04/08/2012 13:49:25] /reload actions
[04/08/2012 13:49:27] /reload monster
[04/08/2012 13:51:41] /m golem
[04/08/2012 13:53:22] /n .gardestrike master
[04/08/2012 13:53:24] /reload npc
[04/08/2012 13:57:22] /reload npc
[04/08/2012 13:57:40] /i 2152
[04/08/2012 13:57:46] /i 2160
[04/08/2012 13:58:23] /n .wingeon master
[04/08/2012 13:59:17] /m kadabra
[04/08/2012 14:00:25] /n achangenick
[04/08/2012 14:03:20] /reload actions
[04/08/2012 14:03:50] /m charmeleon
[04/08/2012 14:04:36] /m charmeleon
[04/08/2012 14:05:59] /m oddish
[04/08/2012 14:06:00] /m oddish
[04/08/2012 14:06:07] /m oddish
[04/08/2012 14:06:07] /m oddish
[04/08/2012 14:06:55] /m venusaur
[04/08/2012 14:08:43] /m typhlosion
[04/08/2012 14:09:28] /m shiny onix
[04/08/2012 14:09:39] /m shiny blastoise
[04/08/2012 14:10:27] /reload monster
[04/08/2012 14:10:35] /m shiny blastoise
[04/08/2012 14:10:57] /i old amber
[04/08/2012 14:11:43] /n giovanni
[04/08/2012 14:12:46] /n surge
[04/08/2012 14:13:32] /m donphan
[04/08/2012 14:13:55] /m qwilfish
[04/08/2012 14:14:44] /m wartortle
[04/08/2012 14:15:23] /m ivysaur
[04/08/2012 14:15:47] /m muk
[04/08/2012 14:17:43] /reload monster
[04/08/2012 14:17:46] /reload talkactions
[04/08/2012 14:17:49] /reload actions
[04/08/2012 14:17:58] /m muk, 35
[04/08/2012 14:18:29] /m charmeleon
[04/08/2012 14:19:10] /m raticate
[04/08/2012 14:22:37] /m meganium
[04/08/2012 14:23:33] /m blastoise
[04/08/2012 14:24:30] /m wartortle
[04/08/2012 14:24:59] /m meganium, 50
[04/08/2012 14:25:40] /m kadabra
[04/08/2012 14:25:52] /m abra
[04/08/2012 14:26:39] /m venusaur
[04/08/2012 14:26:53] /m ivysaur
[04/08/2012 14:26:55] /m ivysaur
[04/08/2012 14:31:10] /reload talakctions
[04/08/2012 14:31:12] /reload actions
[04/08/2012 14:31:14] /reload talkactions
[04/08/2012 14:31:24] /m charmeleon
[04/08/2012 14:31:44] /m ivysaur
[04/08/2012 14:32:05] /m charmeleon
[04/08/2012 14:34:39] /reload talkactions
[04/08/2012 14:34:42] /reload actions
[04/08/2012 14:34:51] /m charmeleon
[04/08/2012 14:36:18] /m venusaur
[04/08/2012 14:37:00] /reload talkactions
[04/08/2012 14:37:02] /reload actions
[04/08/2012 14:37:08] /m venusaur
[04/08/2012 14:37:34] /m wartortle
[04/08/2012 14:37:55] /m wartortle
[04/08/2012 14:38:19] /m ivysaur
[04/08/2012 14:38:59] /m chikorita
[04/08/2012 14:39:24] /m haunter
[04/08/2012 14:39:48] /m umbreon, 25
[04/08/2012 14:41:42] /reload actions
[04/08/2012 14:41:46] /reload talkactions
[04/08/2012 14:44:52] /reload actions
[04/08/2012 14:44:55] /reload talkactions
[04/08/2012 14:45:04] /m charmeleon
[04/08/2012 14:46:26] /m hypno
[04/08/2012 14:46:56] /m wartortle
[04/08/2012 14:47:24] /m wartortle
[04/08/2012 14:47:44] /m ivysaur
[04/08/2012 14:47:59] /m squirtle
[04/08/2012 14:48:21] /m wartortle
[04/08/2012 14:49:53] /reload actions
[04/08/2012 14:49:56] /reload talkactions
[04/08/2012 14:50:06] /m wartortle
[04/08/2012 14:51:58] /reload actions
[04/08/2012 14:52:01] /reload talkactions
[04/08/2012 14:52:15] /m dragonite
[04/08/2012 14:52:37] /m dragonite
[04/08/2012 14:52:55] /m kadabra
[04/08/2012 14:53:31] /m squirtle
[04/08/2012 14:54:02] /m hypno
[04/08/2012 14:54:24] /m ivysaur
[04/08/2012 14:54:49] /m charmeleon
[04/08/2012 14:56:04] /reload talkactions
[04/08/2012 14:56:06] /reload actions
[04/08/2012 15:06:03] /m ivysaur
[04/08/2012 15:06:28] /m meganium
[04/08/2012 15:06:48] /m squirtle
[04/08/2012 15:07:54] /m ivysaur
[04/08/2012 15:08:36] /m charmeleon
[04/08/2012 15:09:26] /m bulbasaur
[04/08/2012 15:11:13] /reload actions
[04/08/2012 15:11:16] /reload talkactions
[04/08/2012 15:11:23] /m meganium
[04/08/2012 15:12:31] /m bulbasaur
[04/08/2012 15:12:32] /m bulbasaur
[04/08/2012 15:13:03] /m bulbasaur
[04/08/2012 15:13:04] /m bulbasaur
[04/08/2012 15:13:48] /m abra
[04/08/2012 15:14:23] /m ivysaur
[04/08/2012 15:15:03] /m wartortle
[04/08/2012 15:15:32] /m ivysaur
[04/08/2012 15:16:27] /m hypno
[04/08/2012 15:16:58] /m charmeleon
[04/08/2012 15:17:24] /m charmander
[04/08/2012 15:17:43] /m charmeleon
[04/08/2012 15:17:55] /m typhlosion
[04/08/2012 15:18:20] /m typhlosion
[04/08/2012 15:18:29] /m charmeleon
[04/08/2012 15:18:46] /m charmeleon
[04/08/2012 15:19:05] /m ivysaur
[04/08/2012 15:19:32] /m charmeleon
[04/08/2012 15:48:27] /m xatu
[04/08/2012 15:49:20] /reload monster
[04/08/2012 15:49:36] /m xatu
[04/08/2012 15:51:17] /reload monster
[04/08/2012 15:51:20] /reload spell
[04/08/2012 15:51:24] /m xatu
[04/08/2012 15:54:48] /a 10
[04/08/2012 15:54:49] /a 10
[04/08/2012 16:31:12] /reload actions
[04/08/2012 18:30:08] /m venusaur
[04/08/2012 18:30:46] /m xatu
[04/08/2012 18:31:23] /reload monster
[04/08/2012 18:31:25] /reload spell
[04/08/2012 20:55:51] /m ivysaur
[04/08/2012 20:56:17] /m ivysaur
[04/08/2012 20:57:14] /m ivysaur
[10/08/2012 14:52:02] /i 11641
[10/08/2012 14:52:12] /i 11641
[10/08/2012 14:52:12] /i 11641
[10/08/2012 14:52:13] /i 11641
[10/08/2012 14:54:03] /i 11461
[10/08/2012 14:54:04] /i 11461
[10/08/2012 14:54:33] /i 11641
[10/08/2012 14:55:21] /reload actions
[15/08/2012 13:04:18] /reload actions
[15/08/2012 13:05:27] /m charmeleon
[15/08/2012 13:06:13] /m charmeleon
[15/08/2012 13:16:03] /m charmeleon
[15/08/2012 13:16:52] /m charizard
[15/08/2012 13:17:40] /m charizard
[15/08/2012 13:19:29] /m charmeleon
[15/08/2012 13:19:32] /m charizard
[15/08/2012 13:24:12] /m gnegar
[15/08/2012 13:24:17] /m gengar
[15/08/2012 13:25:46] /m gengar
[15/08/2012 13:26:08] /m kadabra
[15/08/2012 13:26:14] /m alakazam
[15/08/2012 13:26:31] /m haunter
[15/08/2012 13:26:51] /m gengar
[15/08/2012 13:27:22] /m hitmonlee
[15/08/2012 13:28:16] /reload monster
[15/08/2012 13:28:20] /m gengar
[15/08/2012 13:28:37] /m machamp
[15/08/2012 13:28:41] /m gengar
[15/08/2012 13:30:23] /m machoke
[15/08/2012 13:31:10] /m gengar
[15/08/2012 13:31:17] /m gengar
[15/08/2012 13:31:42] /m vileplume
[15/08/2012 13:33:17] /m vileplume
[15/08/2012 13:34:40] /m umbreon
[15/08/2012 13:36:19] /m umbreon
[15/08/2012 13:40:11] /m umbreon
[15/08/2012 13:55:18] /m umbreon
[15/08/2012 13:57:41] /reload actions
[15/08/2012 13:57:45] /reload talkactions
[15/08/2012 13:57:47] /reload spell
[15/08/2012 14:01:38] /m meganium
[15/08/2012 14:02:37] /m meganium, 60
[15/08/2012 14:03:18] /reload creaturescript
[15/08/2012 14:03:25] /m venusaur, 60
[15/08/2012 14:04:01] /m vensauru
[15/08/2012 14:04:03] /m venusaur
[15/08/2012 14:05:12] /reload talkactions
[15/08/2012 14:05:53] /m venusaur
[15/08/2012 14:06:07] /m venusaur
[15/08/2012 14:07:21] /m ivysaur
[15/08/2012 14:08:08] /m meganium, 40
[15/08/2012 14:09:46] /m wartortle
[15/08/2012 14:10:18] /m golem
[15/08/2012 14:10:44] /m golem
[15/08/2012 14:13:17] /m crobat
[15/08/2012 14:15:41] /n Kira
[15/08/2012 14:17:54] /reload talkactions
[15/08/2012 14:17:56] /reload spell
[15/08/2012 14:17:59] /reload actions
[15/08/2012 14:18:56] /n giovanni
[15/08/2012 14:19:25] /n achangenick
[15/08/2012 14:23:01] /reload talkactions
[15/08/2012 14:23:03] /reload actions
[15/08/2012 14:23:06] /reload spell
[15/08/2012 14:23:51] /m golem
[15/08/2012 14:29:21] /m golem, 60
[15/08/2012 14:29:46] /m graveler
[15/08/2012 14:30:39] /reload spell
[15/08/2012 14:30:42] /reload talkactions
[15/08/2012 14:30:46] /m graveler
[15/08/2012 14:31:58] /m graveler
[15/08/2012 14:32:13] /m graveler
[15/08/2012 14:32:32] /m graveler
[15/08/2012 14:32:59] /m ivysaur
[15/08/2012 14:33:32] /m meganium
[15/08/2012 14:34:07] /m quilava
[15/08/2012 14:34:42] /m bulbasaur
[15/08/2012 14:35:23] /m ivysaur
[15/08/2012 14:35:58] /m venusaur, 70
[15/08/2012 14:36:40] /m typhlosion
[15/08/2012 14:37:13] /m bulbasaur
[15/08/2012 14:37:43] /m ivysaur
[15/08/2012 14:38:05] /m meganium
[15/08/2012 14:38:52] /m blastoise
[15/08/2012 14:39:15] /m blastoise
[15/08/2012 14:40:15] /m ivysaur
[15/08/2012 14:45:04] /m kadabra
[15/08/2012 14:46:34] /reload talkactions
[15/08/2012 14:46:36] /reload spell
[15/08/2012 14:46:38] /reload actions
[15/08/2012 15:01:57] /n .ahunter
[15/08/2012 15:04:01] /n .aclone
[15/08/2012 15:05:15] /n .apolice
[15/08/2012 15:06:04] /reload npc
[15/08/2012 15:06:08] /n .apolice
[15/08/2012 15:07:02] /reload talkactions
[15/08/2012 15:07:43] /n .arocket
[15/08/2012 15:08:35] /n .arocketcommander
[15/08/2012 15:08:46] /n .acommanderrocker
[15/08/2012 15:08:47] /n .acommanderrocket
[15/08/2012 15:09:33] /n .acommanderofficer
[15/08/2012 15:10:53] /n giovanni
[15/08/2012 15:24:17] /m umbreon
[15/08/2012 15:24:40] /m umbreon
[15/08/2012 15:25:30] /i 11475
[15/08/2012 15:25:35] /i 11468
[15/08/2012 15:25:40] /i 11469
[15/08/2012 15:26:04] /i 11638
[15/08/2012 15:26:07] /i 11639
[15/08/2012 15:26:10] /i 11640
[15/08/2012 15:26:11] /i 11641
[15/08/2012 15:29:53] /m charmeleon
[15/08/2012 15:30:50] /m charmeleon
[15/08/2012 15:32:29] /m arcanine
[15/08/2012 15:34:22] /reload actions
[15/08/2012 15:34:24] /reload talkactions
[15/08/2012 15:34:27] /reload spell
[15/08/2012 15:34:31] /m arcanine
[15/08/2012 15:37:05] /m arcanine, 35
[15/08/2012 15:40:19] /m arcanine, 35
[15/08/2012 15:44:34] /m arcanine, 35
[15/08/2012 15:45:33] /m arcanine, 35
[15/08/2012 15:48:25] /reload creaturescript
[15/08/2012 15:48:43] /m arcanine, 35
[15/08/2012 15:49:07] /m arcanine, 35
[15/08/2012 15:52:51] /m arcanine, 35
[15/08/2012 15:54:22] /m charmeleon
[15/08/2012 15:56:24] /m arcanine, 45
[15/08/2012 15:58:45] /m arcanine, 45
[15/08/2012 15:59:25] /m arcanine, 465
[31/08/2012 13:34:19] /i squirtle bottle
[31/08/2012 13:39:42] /m venusaur
[31/08/2012 13:43:39] /reload talkactions
[31/08/2012 13:43:42] /reload actions
[31/08/2012 13:43:42] /reload talkactions
[31/08/2012 13:43:42] /reload spells
[31/08/2012 13:43:42] /reload monster
[31/08/2012 13:44:37] /reload actions
[31/08/2012 13:47:54] /m charizard
[31/08/2012 13:49:08] /m oddish
[31/08/2012 13:49:24] /m gloom
[31/08/2012 13:50:05] /m charmeleon
[31/08/2012 13:54:33] /i pokemon bag
[31/08/2012 13:56:10] /m charizard
[31/08/2012 13:58:39] /reload actions
[31/08/2012 13:58:39] /reload talkactions
[31/08/2012 13:58:39] /reload spells
[31/08/2012 13:58:39] /reload monster
[31/08/2012 13:59:30] /reload actions
[31/08/2012 13:59:30] /reload talkactions
[31/08/2012 13:59:30] /reload spells
[31/08/2012 13:59:30] /reload monster
[31/08/2012 14:00:23] /m wartortle
[31/08/2012 14:00:26] /m wartortle
[31/08/2012 14:02:03] /m venusaur
[31/08/2012 14:05:38] /reload actions
[31/08/2012 14:05:38] /reload talkactions
[31/08/2012 14:05:38] /reload spells
[31/08/2012 14:05:38] /reload monster
[31/08/2012 14:05:46] /m venusaur, 60
[31/08/2012 14:08:53] /m venusaur, 60
[31/08/2012 14:09:37] /m venusaur, 60
[31/08/2012 14:11:25] /m venusaur
[31/08/2012 14:11:59] /m venusaur, 40
[31/08/2012 14:12:40] /m ivysaur
[31/08/2012 14:13:34] /m golem
[31/08/2012 14:14:01] /m golem
[31/08/2012 14:14:39] /m blastoise
[31/08/2012 14:15:04] /m wartortle
[31/08/2012 14:17:01] /m chansey
[31/08/2012 14:17:41] /m umbreon
[31/08/2012 14:18:35] /m ivysaur
[31/08/2012 14:22:28] /reload talkactions
[31/08/2012 14:24:45] /reload ac
[31/08/2012 14:24:45] /reload ta
[31/08/2012 14:24:45] /reload spells
[31/08/2012 14:24:45] /reload monster
[31/08/2012 14:25:17] /reload talkactions
[31/08/2012 14:25:20] /reload actions
[31/08/2012 14:25:20] /reload talkactions
[31/08/2012 14:25:20] /reload spells
[31/08/2012 14:25:20] /reload monster
[31/08/2012 14:26:22] /reload creaturescript
[31/08/2012 14:29:10] /reload creaturescript
[31/08/2012 14:34:05] /reload actions
[31/08/2012 14:34:05] /reload talkactions
[31/08/2012 14:34:05] /reload spells
[31/08/2012 14:34:05] /reload monster
[31/08/2012 14:48:23] /m charizard
[31/08/2012 14:49:45] /n pokemon collector
[31/08/2012 14:51:42] /reload npc
[31/08/2012 14:52:25] /save
[31/08/2012 14:52:43] /n pokemon collector
[31/08/2012 14:54:48] /m ivysaur
[01/09/2012 17:54:57] /reload actions
[01/09/2012 17:54:57] /reload talkactions
[01/09/2012 17:54:57] /reload spells
[01/09/2012 17:54:57] /reload monster
[01/09/2012 17:56:22] /reload actions
[01/09/2012 17:56:22] /reload talkactions
[01/09/2012 17:56:22] /reload spells
[01/09/2012 17:56:22] /reload monster
[01/09/2012 18:12:35] /reload actions
[01/09/2012 18:12:35] /reload talkactions
[01/09/2012 18:12:35] /reload spells
[01/09/2012 18:12:35] /reload monster
[01/09/2012 18:18:30] /reload actions
[01/09/2012 18:18:30] /reload talkactions
[01/09/2012 18:18:30] /reload spells
[01/09/2012 18:18:30] /reload monster
[01/09/2012 18:23:12] /reload actions
[01/09/2012 18:23:12] /reload talkactions
[01/09/2012 18:23:12] /reload spells
[01/09/2012 18:23:12] /reload monster
[01/09/2012 18:24:56] /reload actions
[01/09/2012 18:24:56] /reload talkactions
[01/09/2012 18:24:56] /reload spells
[01/09/2012 18:24:56] /reload monster
[01/09/2012 18:25:51] /reload actions
[01/09/2012 18:25:51] /reload talkactions
[01/09/2012 18:25:51] /reload spells
[01/09/2012 18:25:51] /reload monster
[01/09/2012 18:27:20] /m ivysaur
[01/09/2012 18:29:17] /m ivysaur, 50
[01/09/2012 18:30:01] /m kadabra
[02/09/2012 15:51:36] /i revive
[02/09/2012 15:52:36] /m viysaur
[02/09/2012 15:52:40] /m ivysaur
[02/09/2012 15:53:10] /m kadabra
[02/09/2012 15:53:14] /m kadabra
[02/09/2012 15:53:51] /m wartortle
[02/09/2012 15:53:52] /m wartortle
[08/09/2012 13:44:13] /m dragonair
[08/09/2012 13:45:05] /m dragonair
[08/09/2012 13:45:25] /m dragonair
[08/09/2012 13:46:03] /m dragonair
[08/09/2012 13:46:40] /m dragonair
[10/09/2012 18:35:02] /m charmeleon
[10/09/2012 18:35:17] /m charizard
[10/09/2012 18:37:42] /m charizard
[10/09/2012 18:38:40] /m charizard
[10/09/2012 18:40:38] /reload creaturescript
[10/09/2012 18:40:48] /m charizard
[10/09/2012 18:41:31] /m charizard
[10/09/2012 18:42:01] /m charizard
[10/09/2012 18:46:07] /reload cr
[10/09/2012 18:46:10] /reload creature
[10/09/2012 18:46:13] /reload creaturescript
[10/09/2012 18:47:06] /m charizard
[10/09/2012 18:47:56] /reload creaturescript
[10/09/2012 18:48:25] /m charizard
[10/09/2012 18:49:11] /m charizard
[10/09/2012 18:57:17] /reload creaturescript
[10/09/2012 18:57:51] /m charizard
[10/09/2012 18:58:43] /m charizard
[06/10/2012 15:26:22] /reload talk
[06/10/2012 15:27:02] /i water stone
[06/10/2012 15:27:02] /i water stone
[06/10/2012 15:27:03] /i water stone
[06/10/2012 15:27:03] /i water stone
[06/10/2012 15:32:42] /reload monster
[06/10/2012 15:32:46] /m charizard
[06/10/2012 15:32:46] /m charizard
[06/10/2012 15:38:28] /reload ta
[06/10/2012 15:38:33] /reload talk
[06/10/2012 15:49:24] /reload actions
[06/10/2012 15:49:24] /reload talkactions
[06/10/2012 15:49:24] /reload spells
[06/10/2012 15:49:24] /reload monster
[06/10/2012 16:02:30] /reload actions
[06/10/2012 16:02:30] /reload talkactions
[06/10/2012 16:02:30] /reload spells
[06/10/2012 16:02:30] /reload monster
[06/10/2012 16:06:51] /reload ta
[06/10/2012 16:06:53] /reload talk
[06/10/2012 16:07:28] /reload talk
[07/10/2012 13:47:12] /m blastoise
[07/10/2012 13:51:09] /m typhlosion
[07/10/2012 13:51:19] /m typhlosion
[07/10/2012 13:52:04] /m typhlosion
[07/10/2012 13:52:38] /m typhlosion
[07/10/2012 13:55:15] /i bird beak, 19
[07/10/2012 13:55:30] /i bird beak, 1
[07/10/2012 13:55:41] /i stick slash, 3
[07/10/2012 13:55:52] /i stick slash, 2
[07/10/2012 13:56:03] /i feather, 10
[07/10/2012 13:56:52] /m farfetch'd
[07/10/2012 13:56:52] /m farfetch'd
[07/10/2012 13:56:53] /m farfetch'd
[07/10/2012 13:56:53] /m farfetch'd
[07/10/2012 13:56:54] /m farfetch'd
[07/10/2012 13:56:54] /m farfetch'd
[07/10/2012 13:57:47] /m farfetch'd
[07/10/2012 13:57:48] /m farfetch'd
[07/10/2012 13:57:48] /m farfetch'd
[07/10/2012 13:57:50] /m farfetch'd
[07/10/2012 13:57:50] /m farfetch'd
[07/10/2012 13:57:51] /m farfetch'd
[07/10/2012 13:57:51] /m farfetch'd
[07/10/2012 13:57:52] /m farfetch'd
[07/10/2012 13:57:52] /m farfetch'd
[07/10/2012 13:57:53] /m farfetch'd
[07/10/2012 13:58:17] /m farfetch'd
[07/10/2012 13:58:18] /m farfetch'd
[07/10/2012 13:58:18] /m farfetch'd
[07/10/2012 13:58:20] /m farfetch'd
[07/10/2012 13:58:20] /m farfetch'd
[07/10/2012 13:58:20] /m farfetch'd
[07/10/2012 13:58:21] /m farfetch'd
[07/10/2012 13:58:54] /m farfetch'd
[07/10/2012 13:58:55] /m farfetch'd
[07/10/2012 13:58:56] /m farfetch'd
[07/10/2012 13:58:56] /m farfetch'd
[07/10/2012 13:58:57] /m farfetch'd
[07/10/2012 13:58:57] /m farfetch'd
[07/10/2012 13:58:57] /m farfetch'd
[07/10/2012 13:58:58] /m farfetch'd
[07/10/2012 13:59:15] /i ultra ball
[07/10/2012 13:59:55] /m farfetch'd
[07/10/2012 13:59:56] /m farfetch'd
[07/10/2012 13:59:56] /m farfetch'd
[07/10/2012 13:59:57] /m farfetch'd
[07/10/2012 13:59:57] /m farfetch'd
[07/10/2012 13:59:57] /m farfetch'd
[07/10/2012 13:59:58] /m farfetch'd
[07/10/2012 14:00:00] /m farfetch'd
[07/10/2012 14:00:00] /m farfetch'd
[07/10/2012 14:00:01] /m farfetch'd
[07/10/2012 14:00:36] /m farfetch'd
[07/10/2012 14:00:36] /m farfetch'd
[07/10/2012 14:00:37] /m farfetch'd
[07/10/2012 14:00:37] /m farfetch'd
[07/10/2012 14:00:38] /m farfetch'd
[07/10/2012 14:00:38] /m farfetch'd
[07/10/2012 14:00:40] /m farfetch'd
[07/10/2012 14:00:40] /m farfetch'd
[07/10/2012 14:00:40] /m farfetch'd
[07/10/2012 14:01:14] /m farfetch'd
[07/10/2012 14:01:15] /m farfetch'd
[07/10/2012 14:01:15] /m farfetch'd
[07/10/2012 14:01:15] /m farfetch'd
[07/10/2012 14:01:16] /m farfetch'd
[07/10/2012 14:01:17] /m farfetch'd
[07/10/2012 14:01:17] /m farfetch'd
[07/10/2012 14:01:18] /m farfetch'd
[07/10/2012 14:01:18] /m farfetch'd
[07/10/2012 14:01:20] /m farfetch'd
[07/10/2012 14:01:22] /m farfetch'd
[07/10/2012 14:04:12] /i ivysaur
[07/10/2012 14:04:16] /m ivysaur
[07/10/2012 14:04:16] /m ivysaur
[07/10/2012 14:11:19] /m ivysaur
[07/10/2012 14:11:19] /m ivysaur
[07/10/2012 14:15:01] /m ivysaur
[07/10/2012 14:18:09] /m ivysaur
[07/10/2012 14:18:25] /m ivysaur
[07/10/2012 14:18:44] /m ivysaur
[07/10/2012 14:18:54] /m ivysaur
[07/10/2012 14:19:09] /m ivysaur
[07/10/2012 14:19:18] /m ivysaur
[07/10/2012 14:19:32] /m ivysaur
[07/10/2012 14:19:42] /m ivysaur
[07/10/2012 14:19:55] /m ivysaur
[07/10/2012 14:20:03] /m iivysaur
[07/10/2012 14:20:06] /m ivysaur
[07/10/2012 14:20:19] /m ivysaur
[07/10/2012 14:20:25] /m ivysaur
[07/10/2012 14:20:31] /m ivysaur
[07/10/2012 14:20:44] /m ivysaur
[07/10/2012 14:20:57] /m ivysaur
[07/10/2012 14:21:12] /m ivysaur
[07/10/2012 14:21:19] /m ivysaur
[07/10/2012 14:21:28] /m ivysaur
[07/10/2012 14:21:45] /m ivysaur
[07/10/2012 14:21:46] /m ivysaur
[07/10/2012 14:22:08] /m tangela
[07/10/2012 14:22:19] /m tangela
[07/10/2012 14:22:44] /m tangela
[07/10/2012 14:22:55] /m tangela
[07/10/2012 14:23:22] /m tangela
[07/10/2012 14:23:32] /m tangela
[07/10/2012 14:23:48] /m tangela
[07/10/2012 14:24:01] /m tangela
[07/10/2012 14:24:09] /m tangela
[07/10/2012 14:24:36] /m tangela
[07/10/2012 14:24:45] /m tangela
[07/10/2012 14:24:53] /m tangela
[07/10/2012 14:25:09] /m tangela
[07/10/2012 14:25:19] /m tangela
[07/10/2012 14:25:45] /m tangela
[07/10/2012 14:25:54] /m tangela
[07/10/2012 14:26:05] /m tangela
[07/10/2012 14:26:17] /m tangela
[07/10/2012 14:26:26] /m tangela
[07/10/2012 14:26:41] /m tangela
[07/10/2012 14:26:48] /m tangela
[07/10/2012 14:27:17] /m parasect
[07/10/2012 14:27:25] /m parasect
[07/10/2012 14:27:37] /m parasect
[07/10/2012 14:27:53] /m parasect
[07/10/2012 14:28:24] /m parasect
[07/10/2012 14:28:40] /m parasect
[07/10/2012 14:28:48] /m parasect
[07/10/2012 14:29:29] /m parasect
[07/10/2012 14:29:38] /m parasect
[07/10/2012 14:30:12] /m parasect
[07/10/2012 14:30:22] /m parasect
[07/10/2012 14:30:29] /m parasect
[07/10/2012 14:30:43] /m parasect
[07/10/2012 14:31:06] /m parasect
[07/10/2012 14:31:21] /m parasect
[07/10/2012 14:32:03] /m parasect
[07/10/2012 14:32:03] /m parasect
[07/10/2012 14:32:18] /m parasect
[07/10/2012 14:32:18] /m parasect
[07/10/2012 14:32:19] /m parasect
[07/10/2012 14:32:37] /m parasect
[07/10/2012 14:32:38] /m parasect
[07/10/2012 14:33:04] /m parasect
[07/10/2012 14:33:05] /m parasect
[07/10/2012 14:33:24] /m parasect
[07/10/2012 14:34:32] /m pinsir
[07/10/2012 14:35:23] /i heart stone
[07/10/2012 14:35:24] /i heart stone
[07/10/2012 14:35:24] /i heart stone
[07/10/2012 14:35:24] /i heart stone
[07/10/2012 14:35:25] /i heart stone
[07/10/2012 14:35:25] /i heart stone
[07/10/2012 14:35:26] /i heart stone
[07/10/2012 14:35:26] /i heart stone
[07/10/2012 14:35:26] /i heart stone
[07/10/2012 14:35:27] /i heart stone
[07/10/2012 14:35:29] /i heart stone
[07/10/2012 14:35:29] /i heart stone
[07/10/2012 14:35:30] /i heart stone
[07/10/2012 14:35:55] /i heart stone
[07/10/2012 14:35:56] /i heart stone
[07/10/2012 14:35:56] /i heart stone
[07/10/2012 14:35:57] /i heart stone
[07/10/2012 14:35:57] /i heart stone
[07/10/2012 14:35:57] /i heart stone
[07/10/2012 14:35:58] /i heart stone
[07/10/2012 14:35:58] /i heart stone
[07/10/2012 14:35:59] /i heart stone
[07/10/2012 14:35:59] /i heart stone
[07/10/2012 14:35:59] /i heart stone
[07/10/2012 14:36:00] /i heart stone
[07/10/2012 14:36:02] /i heart stone
[07/10/2012 14:36:02] /i heart stone
[07/10/2012 14:36:03] /i heart stone
[07/10/2012 14:36:26] /i heart stone
[07/10/2012 14:36:27] /i heart stone
[07/10/2012 14:36:27] /i heart stone
[07/10/2012 14:36:28] /i heart stone
[07/10/2012 14:36:28] /i heart stone
[07/10/2012 14:36:29] /i heart stone
[07/10/2012 14:36:29] /i heart stone
[07/10/2012 14:36:29] /i heart stone
[07/10/2012 14:36:30] /i heart stone
[07/10/2012 14:36:30] /i heart stone
[07/10/2012 14:36:31] /i heart stone
[07/10/2012 14:36:31] /i heart stone
[07/10/2012 14:36:32] /i heart stone
[07/10/2012 14:36:33] /i heart stone
[07/10/2012 14:36:34] /i heart stone
[07/10/2012 14:37:04] /m pinsir
[07/10/2012 14:37:20] /m pinsir
[07/10/2012 14:37:32] /m pinsir
[07/10/2012 14:37:49] /m pinsir
[07/10/2012 14:37:57] /m pinsir
[07/10/2012 14:38:08] /m pinsir
[07/10/2012 14:38:28] /m pinsir
[07/10/2012 14:38:35] /m pinsir
[07/10/2012 14:38:44] /m pinsir
[07/10/2012 14:39:04] /m pinsir
[07/10/2012 14:39:14] /m pinsir
[07/10/2012 14:39:30] /m pinsir
[07/10/2012 14:39:43] /m pinsir
[07/10/2012 14:39:51] /m pinsir
[07/10/2012 14:40:01] /m pinsir
[07/10/2012 14:40:10] /m pinsir
[07/10/2012 14:40:22] /m pinsir
[07/10/2012 14:40:34] /m pinsir
[07/10/2012 14:40:35] /m pinsir
[07/10/2012 14:40:52] /r 1
[07/10/2012 14:40:55] /r 1
[07/10/2012 14:40:56] /r 1
[07/10/2012 14:41:02] /m venusaur
[07/10/2012 14:41:18] /m venusaur
[07/10/2012 15:56:48] /m venusaur
[07/10/2012 15:57:11] /i revive
[07/10/2012 15:57:19] /m venusaur
[07/10/2012 15:57:31] /m venusaur
[07/10/2012 16:00:58] /m venusaur
[07/10/2012 16:01:18] /m venusaur
[07/10/2012 16:01:30] /m venusaur
[07/10/2012 16:01:52] /m venusaur
[07/10/2012 16:02:11] /m venusaur
[07/10/2012 16:02:23] /m venusaur
[07/10/2012 16:02:35] /m venusaur
[07/10/2012 16:02:44] /m venusaur
[07/10/2012 16:02:54] /m venusaur
[07/10/2012 16:03:26] /m vneusaur
[07/10/2012 16:03:28] /m venusaur
[07/10/2012 16:03:49] /m venusaur
[07/10/2012 16:04:13] /m venusaur
[07/10/2012 16:04:25] /m venusaur
[07/10/2012 16:04:40] /m venusaur
[07/10/2012 16:04:50] /m venusaur
[07/10/2012 16:05:22] /m farfetch'd
[07/10/2012 16:05:28] /m farfetch'd
[07/10/2012 16:05:34] /m farfetch'd
[07/10/2012 16:05:39] /m farfetch'd
[07/10/2012 16:05:47] /m farfetch'd
[07/10/2012 16:05:56] /m farfetch'd
[07/10/2012 16:06:03] /m farfetch'd
[07/10/2012 16:06:09] /m farfetch'd
[07/10/2012 16:06:16] /m farfetch'd
[07/10/2012 16:06:24] /m farfetch'd
[07/10/2012 16:06:25] /m farfetch'd
[07/10/2012 16:06:37] /m farfetch'd
[07/10/2012 16:06:40] /m farfetch'd
[07/10/2012 16:06:48] /m farfetch'd
[07/10/2012 16:06:54] /m farfetch'd
[07/10/2012 16:07:06] /m farfetch'd
[07/10/2012 16:07:06] /m farfetch'd
[07/10/2012 16:07:26] /m farfetch'd
[07/10/2012 16:07:34] /m farfetch'd
[07/10/2012 16:07:47] /m farfetch'd
[07/10/2012 16:07:55] /m farfetch'd
[07/10/2012 16:08:01] /m farfetch'd
[07/10/2012 16:08:06] /m farfetch'd
[07/10/2012 16:08:15] /m farfetch'd
[07/10/2012 16:08:19] /m farfetch'd
[07/10/2012 16:08:24] /m farfetch'd
[07/10/2012 16:20:35] /i 12330
[07/10/2012 16:28:49] /m shiny kadabra
[07/10/2012 16:29:54] /reload actions
[07/10/2012 16:29:54] /reload talkactions
[07/10/2012 16:29:54] /reload spells
[07/10/2012 16:29:54] /reload monster
[07/10/2012 16:30:12] /reload actions
[07/10/2012 16:30:12] /reload talkactions
[07/10/2012 16:30:12] /reload spells
[07/10/2012 16:30:12] /reload monster
[07/10/2012 16:32:19] /m hitmonlee
[07/10/2012 16:33:15] /m hitmonlee, 10
[07/10/2012 16:34:32] /m typhlosion
[07/10/2012 16:34:54] /m quilava
[07/10/2012 16:35:20] /m snorlax
[07/10/2012 16:35:40] /m snorlax
[07/10/2012 16:36:13] /m meganium
[07/10/2012 16:36:37] /m bayleef
[07/10/2012 16:36:58] /m bayleef
[07/10/2012 16:37:24] /m typhlosion
[07/10/2012 16:37:40] /m typhlosion
[07/10/2012 16:38:18] /m pikachu
[07/10/2012 16:38:29] /m bayleef
[07/10/2012 16:38:51] /m bayleef
[07/10/2012 16:39:22] /m quilava
[07/10/2012 16:39:55] /m quilava
[07/10/2012 16:40:15] /m quilava
[07/10/2012 16:40:51] /m misdreavus
[07/10/2012 16:41:07] /m venusaur
[07/10/2012 16:43:23] /reload ta
[07/10/2012 16:43:26] /reload actions
[07/10/2012 16:44:37] /reload actions
[07/10/2012 16:47:23] /reload actions
[07/10/2012 16:49:53] /reload talkactions
[07/10/2012 16:50:54] /reload talkactions
[07/10/2012 16:55:42] /m wartortle
[07/10/2012 16:56:32] /reload actions
[07/10/2012 16:56:32] /reload talkactions
[07/10/2012 16:56:32] /reload spells
[07/10/2012 16:56:32] /reload monster
[07/10/2012 16:56:46] /m graveler
[07/10/2012 16:57:01] /m graveler
[07/10/2012 17:26:43] /m venusaur
[07/10/2012 17:56:49] /reload cr
[07/10/2012 18:50:21] /i medicine
[07/10/2012 19:20:45] /goto venusaur
[07/10/2012 19:21:33] /goto venusaur
[07/10/2012 22:21:04] /n .dalk
[07/10/2012 22:22:43] /reload npc
[07/10/2012 22:22:49] /n .dalk
[07/10/2012 22:23:05] /i small diamonds
[07/10/2012 22:23:07] /i small diamond
[12/10/2012 11:13:54] /reload actions
[12/10/2012 11:13:54] /reload talkactions
[12/10/2012 11:13:54] /reload spells
[12/10/2012 11:13:54] /reload monster
[15/10/2012 16:19:18] /reload ta
[15/10/2012 16:19:26] /reload talk
[15/10/2012 21:45:11] /reload ta
[15/10/2012 21:45:14] /reload talk
[15/10/2012 21:51:31] /reload talk
[15/10/2012 21:52:01] /reload talk
[15/10/2012 21:52:24] /reload talk
[15/10/2012 21:52:39] /reload talk
[18/10/2012 10:54:45] /m lanturn
[18/10/2012 10:57:20] /m squirtle
[18/10/2012 10:58:43] /m squirtle
[18/10/2012 11:03:49] /m lanturn
[18/10/2012 11:07:01] /reload actions
[18/10/2012 11:07:01] /reload talkactions
[18/10/2012 11:07:01] /reload spells
[18/10/2012 11:07:01] /reload monster
[18/10/2012 11:07:04] /reload monster
[18/10/2012 11:07:12] /m lanturn
[18/10/2012 11:07:56] /reload actions
[18/10/2012 11:07:56] /reload talkactions
[18/10/2012 11:07:56] /reload spells
[18/10/2012 11:07:56] /reload monster
[18/10/2012 11:08:06] /m lanturn
[18/10/2012 11:14:49] /reload actions
[18/10/2012 11:14:49] /reload talkactions
[18/10/2012 11:14:49] /reload spells
[18/10/2012 11:14:49] /reload monster
[18/10/2012 11:15:10] /m squirtle
[18/10/2012 11:15:11] /m squirtle
[18/10/2012 11:15:25] /m lanturn
[18/10/2012 11:26:15] /m lanturn
[18/10/2012 11:28:24] /reload actions
[18/10/2012 11:28:24] /reload talkactions
[18/10/2012 11:28:24] /reload spells
[18/10/2012 11:28:24] /reload monster
[18/10/2012 11:28:27] /m lanturn
[18/10/2012 11:29:07] /reload actions
[18/10/2012 11:29:07] /reload talkactions
[18/10/2012 11:29:07] /reload spells
[18/10/2012 11:29:07] /reload monster
[18/10/2012 11:29:12] /m lanturn
[18/10/2012 11:31:26] /reload actions
[18/10/2012 11:31:26] /reload talkactions
[18/10/2012 11:31:26] /reload spells
[18/10/2012 11:31:26] /reload monster
[18/10/2012 11:31:28] /m monster
[18/10/2012 11:31:31] /reload monster
[18/10/2012 11:31:38] /m lanturn
[18/10/2012 11:32:41] /reload monster
[18/10/2012 11:32:57] /reload actions
[18/10/2012 11:32:57] /reload talkactions
[18/10/2012 11:32:57] /reload spells
[18/10/2012 11:32:57] /reload monster
[18/10/2012 11:33:02] /m lanturn
[18/10/2012 11:34:12] /reload actions
[18/10/2012 11:34:12] /reload talkactions
[18/10/2012 11:34:12] /reload spells
[18/10/2012 11:34:12] /reload monster
[18/10/2012 11:34:52] /reload monster
[18/10/2012 11:38:35] /m lanturn
[18/10/2012 11:41:22] /reload actions
[18/10/2012 11:41:22] /reload talkactions
[18/10/2012 11:41:22] /reload spells
[18/10/2012 11:41:22] /reload monster
[18/10/2012 11:43:09] /reload actions
[18/10/2012 11:43:09] /reload talkactions
[18/10/2012 11:43:09] /reload spells
[18/10/2012 11:43:09] /reload monster
[18/10/2012 11:47:41] /reload actions
[18/10/2012 11:47:41] /reload talkactions
[18/10/2012 11:47:41] /reload spells
[18/10/2012 11:47:41] /reload monster
[18/10/2012 11:47:55] /m lanturn
[18/10/2012 11:48:54] /reload actions
[18/10/2012 11:48:54] /reload talkactions
[18/10/2012 11:48:54] /reload spells
[18/10/2012 11:48:54] /reload monster
[18/10/2012 11:49:03] /m lanturn
[18/10/2012 11:51:02] /reload actions
[18/10/2012 11:51:02] /reload talkactions
[18/10/2012 11:51:02] /reload spells
[18/10/2012 11:51:02] /reload monster
[18/10/2012 11:51:16] /m lanturn
[18/10/2012 11:53:56] /reload actions
[18/10/2012 11:53:56] /reload talkactions
[18/10/2012 11:53:56] /reload spells
[18/10/2012 11:53:56] /reload monster
[18/10/2012 12:27:17] /reload spells
[18/10/2012 12:27:20] /reload actions
[18/10/2012 12:27:20] /reload talkactions
[18/10/2012 12:27:20] /reload spells
[18/10/2012 12:27:20] /reload monster
[21/10/2012 20:35:48] /i rare candy
[21/10/2012 20:41:01] /reload actions
[21/10/2012 20:41:31] /reload actions
[21/10/2012 20:42:27] /i 6569
[21/10/2012 20:43:16] /reload actions
[21/10/2012 20:45:58] /i 6569
[21/10/2012 20:58:11] /reload ta
[21/10/2012 20:58:14] /reload talk
[21/10/2012 21:05:27] /reload actions
[21/10/2012 21:06:12] /reload actions
[21/10/2012 21:06:16] /i 6569
[21/10/2012 21:08:18] /reload ta
[21/10/2012 21:08:21] /reload talk
[30/10/2012 09:21:20] /m venusaur
[30/10/2012 09:23:03] /reload creature
[30/10/2012 09:23:06] /reload creaturescript
[30/10/2012 09:23:12] /m venusaur
[30/10/2012 09:23:24] /m venusaur
[30/10/2012 09:23:36] /m venusaur
[30/10/2012 09:23:54] /reload creaturescript
[30/10/2012 09:23:58] /m venusaur
[30/10/2012 09:26:30] /m venusaur
[30/10/2012 09:27:45] /reload creaturescript
[30/10/2012 09:27:50] /m venusaur
[30/10/2012 09:31:34] /m venusaur
[30/10/2012 09:43:15] /m venusaur
[30/10/2012 09:46:53] /reload creaturescript
[30/10/2012 09:47:43] /m venusaur
[30/10/2012 09:51:10] /m venusaur
[30/10/2012 09:53:29] /reload creaturescript
[30/10/2012 09:54:40] /m venusaur
[30/10/2012 20:50:55] /reload actions
[30/10/2012 20:50:55] /reload talkactions
[30/10/2012 20:50:55] /reload spells
[30/10/2012 20:50:55] /reload monster
[30/10/2012 20:54:57] /reload actions
[30/10/2012 20:54:57] /reload talkactions
[30/10/2012 20:54:57] /reload spells
[30/10/2012 20:54:57] /reload monster
[30/10/2012 20:55:05] /reload actions
[16/11/2012 19:50:01] /reload ta
[16/11/2012 19:50:04] /reload talk
[20/11/2012 22:59:25] /i pokemon box +1
[20/11/2012 22:59:51] /i 11638
[20/11/2012 22:59:59] /i 11638
[20/11/2012 23:00:27] /i 11638
[20/11/2012 23:01:02] /i 11639
[20/11/2012 23:01:16] /i 11640
[20/11/2012 23:01:18] /i 11641
[21/11/2012 13:59:15] /n sr.split
[21/11/2012 14:04:18] /reload actions
[21/11/2012 14:04:18] /reload talkactions
[21/11/2012 14:04:18] /reload spells
[21/11/2012 14:04:18] /reload monster
[21/11/2012 14:07:57] /reload ta
[21/11/2012 14:08:01] /reload talk
[21/11/2012 14:09:12] /reload ta
[21/11/2012 14:09:16] /reload talk
[21/11/2012 14:09:47] /m ivysaur
[21/11/2012 14:10:04] /m venusaur
[21/11/2012 14:10:54] /reload cr
[21/11/2012 14:10:57] /reload creature
[21/11/2012 14:10:59] /reload creaturescripts
[21/11/2012 14:12:00] /m venusaur
[21/11/2012 14:13:44] /reload cr
[21/11/2012 14:13:47] /reload talk
[21/11/2012 14:13:50] /reload cr
[21/11/2012 14:13:59] /m venusaur
[21/11/2012 14:15:53] /m venusaur
[21/11/2012 14:16:13] /m venusaur
[21/11/2012 14:18:34] /reload actions
[21/11/2012 14:18:34] /reload talkactions
[21/11/2012 14:18:34] /reload spells
[21/11/2012 14:18:34] /reload monster
[21/11/2012 14:18:37] /reload cr
[21/11/2012 14:18:41] /m venusaur
[21/11/2012 14:20:35] /reload cr
[21/11/2012 14:20:39] /m venusaur
[21/11/2012 14:25:25] /reload cr
[21/11/2012 14:25:56] /m venusaur
[21/11/2012 14:26:46] /reload cr
[21/11/2012 14:26:51] /m venusaur
[21/11/2012 14:27:34] /reload cr
[21/11/2012 14:27:38] /m venusaur
[21/11/2012 14:28:04] /reload cr
[21/11/2012 14:28:08] /m venusaur
[21/11/2012 14:28:36] /reload cr
[21/11/2012 14:28:39] /m venusaur
[21/11/2012 14:29:54] /reload ta
[21/11/2012 14:29:59] /reload cr
[21/11/2012 14:30:01] /m venusaur
[21/11/2012 14:30:20] /m venusaur, 100
[21/11/2012 14:30:53] /m blastoise
[21/11/2012 14:31:17] /m wartortle
[21/11/2012 14:31:38] /m rattata
[21/11/2012 14:32:34] /m venusaur
[21/11/2012 14:38:13] /reload actions
[21/11/2012 14:38:13] /reload talkactions
[21/11/2012 14:38:13] /reload spells
[21/11/2012 14:38:13] /reload monster
[21/11/2012 14:38:18] /reload cr
[21/11/2012 14:41:31] /m venusaur
[21/11/2012 14:43:22] /reload cr
[21/11/2012 14:43:25] /reload actions
[21/11/2012 14:43:25] /reload talkactions
[21/11/2012 14:43:25] /reload spells
[21/11/2012 14:43:25] /reload monster
[21/11/2012 14:43:31] /m charizard
[21/11/2012 14:44:20] /reload actions
[21/11/2012 14:44:20] /reload talkactions
[21/11/2012 14:44:20] /reload spells
[21/11/2012 14:44:20] /reload monster
[21/11/2012 14:44:21] /reload cr
[21/11/2012 14:44:26] /m charizrd
[21/11/2012 14:44:28] /m charizard
[21/11/2012 17:15:03] /m venusaur
[21/11/2012 17:15:27] /m venusaur
[21/11/2012 17:15:50] /m venusaur
[21/11/2012 17:16:41] /m wartortle
[21/11/2012 17:16:52] /m squirtle
[21/11/2012 17:21:32] /reload cr
[21/11/2012 17:21:38] /m venusaur
[21/11/2012 17:22:42] /reload cr
[21/11/2012 17:22:46] /m venusaur
[21/11/2012 17:24:32] /reload cr
[21/11/2012 17:24:35] /m venusaur
[21/11/2012 17:24:52] /m wartortle
[21/11/2012 17:25:02] /m blastose
[21/11/2012 17:25:05] /m blastoise
[21/11/2012 17:26:32] /reload cr
[21/11/2012 17:26:36] /m blastoise
[21/11/2012 17:29:09] /reload cr
[21/11/2012 17:29:13] /m venusaur
[21/11/2012 17:29:59] /reload cr
[21/11/2012 17:30:03] /m vneusaur
[21/11/2012 17:30:05] /m vneusaur
[21/11/2012 17:30:08] /m venusaur
[21/11/2012 17:30:30] /reload ta
[21/11/2012 17:30:32] /reload cr
[21/11/2012 17:30:36] /m venusaur
[21/11/2012 17:30:59] /m venusaur
[21/11/2012 17:31:29] /m venusaur
[21/11/2012 17:32:51] /m venusaur
[21/11/2012 17:33:12] /reload cr
[21/11/2012 17:33:15] /m venusaur
[21/11/2012 17:34:40] /m venusaur
[21/11/2012 17:35:20] /m vneusaur
[21/11/2012 17:35:22] /m venusaur
[21/11/2012 17:35:48] /reload cr
[21/11/2012 17:35:54] /m venusaur
[21/11/2012 17:36:34] /m pidgeot
[21/11/2012 17:37:56] /m venusaur
[21/11/2012 17:38:32] /m venusaur
[21/11/2012 17:38:56] /reload cr
[21/11/2012 17:39:09] /m venusaur
[21/11/2012 17:39:37] /m venusaur
[06/12/2012 13:33:31] /n Sandra
[06/12/2012 13:35:35] /reload npc
[06/12/2012 13:36:07] /reload npc
[06/12/2012 13:38:05] /reload npc
[24/12/2012 11:45:17] /m venusaur
[24/12/2012 11:45:44] /m venusaur
[24/12/2012 11:46:11] /m bulbasaur
[24/12/2012 11:46:49] /m charizard
[24/12/2012 11:47:14] /m venusaur
[24/12/2012 11:47:38] /m venusaur
[24/12/2012 17:21:48] /goto saffron
[24/12/2012 17:21:55] /goto Saffron
[24/12/2012 17:22:06] /town 1
[24/12/2012 17:22:08] /town 2
[24/12/2012 17:22:18] /town 3
[24/12/2012 17:22:21] /town 4
[24/12/2012 17:33:00] /n sr.split
[24/12/2012 17:34:31] /m shiny rattata
[24/12/2012 17:34:49] /m kadabra
[24/12/2012 17:35:39] /m ivysaur
[24/12/2012 17:36:00] /m bulbasaur
[24/12/2012 17:36:01] /m bulbasaur
[19/01/2013 20:28:00] /m ivysaur
[19/01/2013 20:32:01] /m ivysaur
[19/01/2013 20:32:57] /m ivysaur
[04/02/2013 15:29:57] /reload actions
[04/02/2013 15:29:57] /reload talkactions
[04/02/2013 15:29:57] /reload spells
[04/02/2013 15:29:57] /reload monster
[04/02/2013 15:31:29] /reload ta
[04/02/2013 15:41:30] /m alakazam
[04/02/2013 15:41:49] /m alakazam
[04/02/2013 15:43:16] /i boost stone
[04/02/2013 15:44:47] /i pokemon box +2
[04/02/2013 15:44:56] /i 11480
[04/02/2013 15:45:12] /i 11641
[04/02/2013 15:46:01] /i 11640
[04/02/2013 15:46:12] /i 11639
[04/02/2013 15:46:13] /i 11638
[04/02/2013 15:46:43] /i ultra ball
[04/02/2013 15:46:51] /m shiny rattata
[04/02/2013 15:46:52] /m shiny rattata
[04/02/2013 15:46:52] /m shiny rattata
[04/02/2013 15:48:07] /m bulbasaur
[04/02/2013 15:48:08] /m bulbasaur
[04/02/2013 15:48:09] /m bulbasaur
[04/02/2013 15:48:09] /m bulbasaur
[04/02/2013 15:48:10] /m bulbasaur
[04/02/2013 15:48:26] /m bulbasaur
[04/02/2013 15:48:26] /m bulbasaur
[04/02/2013 15:48:27] /m bulbasaur
[04/02/2013 15:48:27] /m bulbasaur
[04/02/2013 15:48:28] /m bulbasaur
[04/02/2013 15:48:28] /m bulbasaur
[04/02/2013 15:48:29] /m bulbasaur
[04/02/2013 15:50:21] /i leaf stone
[04/02/2013 15:51:44] /i leaf stone
[04/02/2013 15:51:47] /i venom stone
[04/02/2013 15:54:05] /m charmander
[04/02/2013 16:00:32] /down
[04/02/2013 16:01:58] /up
[04/02/2013 16:02:02] /a 10
[04/02/2013 16:02:54] /m abra
[04/02/2013 16:02:55] /m abra
[04/02/2013 16:02:55] /m abra
[04/02/2013 16:05:44] /reload actions
[04/02/2013 16:05:44] /reload talkactions
[04/02/2013 16:05:44] /reload spells
[04/02/2013 16:05:44] /reload monster
[04/02/2013 16:06:03] /m gloom
[05/02/2013 11:22:18] /a 4
[05/02/2013 11:22:19] /a 4
[05/02/2013 11:27:32] /reload cr
[05/02/2013 11:34:30] /reload cr
[05/02/2013 11:35:18] /reload cr
[05/02/2013 11:37:23] /reload cr
[05/02/2013 11:37:43] /reload cr
[05/02/2013 11:38:00] /reload cr
[05/02/2013 11:39:38] /reload actions
[05/02/2013 11:39:38] /reload talkactions
[05/02/2013 11:39:38] /reload spells
[05/02/2013 11:39:38] /reload monster
[05/02/2013 11:39:40] /reload cr
[05/02/2013 11:40:34] /reload cr
[05/02/2013 11:47:47] /reload cr
[05/02/2013 11:48:33] /reload cr
[05/02/2013 11:49:00] /reload cr
[05/02/2013 11:49:53] /reload cr
[05/02/2013 11:51:12] /reload cr
[05/02/2013 11:52:24] /reload cr
[05/02/2013 11:55:25] /reload cr
[05/02/2013 12:36:07] /t Tostinhu
[05/02/2013 12:37:09] /reload cr
[05/02/2013 12:37:12] /reload actions
[05/02/2013 12:37:12] /reload talkactions
[05/02/2013 12:37:12] /reload spells
[05/02/2013 12:37:12] /reload monster
[05/02/2013 13:39:26] /reload cr
[05/02/2013 13:45:27] /reload cr
[05/02/2013 13:46:35] /reload cr
[05/02/2013 13:47:18] /reload cr
[05/02/2013 13:48:41] /reload cr
[05/02/2013 13:50:34] /reload cr
[05/02/2013 14:10:41] /reload actions
[05/02/2013 14:10:41] /reload talkactions
[05/02/2013 14:10:41] /reload spells
[05/02/2013 14:10:41] /reload monster
[05/02/2013 14:10:55] /m shiny ariados
[05/02/2013 14:16:08] /m ariados
[05/02/2013 14:16:44] /m shiny ariados
[05/02/2013 14:19:43] /m shiny ariados
[05/02/2013 14:23:18] /m shiny dodrio
[05/02/2013 14:23:56] /m shiny esperon
[05/02/2013 14:24:03] /m shiny espeon
[05/02/2013 14:24:48] /m shiny ariados
[05/02/2013 14:24:50] /m shiny dodrio
[05/02/2013 14:25:25] /reload actions
[05/02/2013 14:25:25] /reload talkactions
[05/02/2013 14:25:25] /reload spells
[05/02/2013 14:25:25] /reload monster
[05/02/2013 14:26:06] /m shiny magneton
[05/02/2013 14:26:58] /m shiny mr. mime
[05/02/2013 14:27:25] /m shiny ninetales
[05/02/2013 14:27:55] /m shiny ninetales
[05/02/2013 14:28:33] /m shiny politoed
[05/02/2013 14:29:10] /m shiny rhydon
[05/02/2013 14:29:50] /m shiny stantler
[05/02/2013 14:30:37] /m shiny umbreon
[05/02/2013 14:31:25] /n aNpcCassino
[05/02/2013 14:31:44] /n aNpcCasino
[05/02/2013 14:36:45] /m shiny abra
[05/02/2013 14:40:10] /reload actions
[05/02/2013 14:40:10] /reload talkactions
[05/02/2013 14:40:10] /reload spells
[05/02/2013 14:40:10] /reload monster
[05/02/2013 14:43:38] /reload ta
[05/02/2013 14:44:13] /reload ta
[05/02/2013 14:46:24] /reload ta
[05/02/2013 14:49:48] /goto Agatha
[05/02/2013 14:50:02] /town 1
[05/02/2013 14:55:28] /a 3
[05/02/2013 14:55:33] /a 3
[05/02/2013 14:55:40] /a 3
[05/02/2013 14:55:41] /a 3
[05/02/2013 14:55:42] /a 3
[05/02/2013 14:55:42] /a 3
[05/02/2013 14:55:45] /a 3
[05/02/2013 14:55:45] /a 3
[05/02/2013 14:57:05] /a 3
[05/02/2013 14:57:05] /a 3
[05/02/2013 14:57:06] /a 3
[05/02/2013 14:57:08] /a 3
[05/02/2013 15:02:17] /a 10
[05/02/2013 15:02:18] /a 10
[05/02/2013 15:02:21] /a 10
[05/02/2013 15:02:22] /a 10
[05/02/2013 15:02:24] /a 10
[05/02/2013 15:02:33] /a 10
[05/02/2013 15:02:33] /a 10
[05/02/2013 15:02:34] /a 10
[05/02/2013 15:02:35] /a 10
[05/02/2013 15:02:36] /a 10
[05/02/2013 15:02:44] /a 10
[05/02/2013 15:02:45] /a 10
[05/02/2013 15:05:00] /a 10
[05/02/2013 15:05:00] /a 10
[05/02/2013 15:05:02] /a 10
[05/02/2013 15:05:04] /a 2
[05/02/2013 15:08:49] /a 2
[05/02/2013 15:08:50] /a 2
[05/02/2013 15:08:52] /a 2
[05/02/2013 15:08:58] /goto agatha
[06/02/2013 12:31:55] /goto Ticha
[06/02/2013 12:58:55] /n .aHunterWingeon
[06/02/2013 13:01:03] /n .aHunterWingeon
[06/02/2013 13:04:21] /n .aHunterWingeon
[06/02/2013 13:07:17] /n .aHunter
[06/02/2013 13:21:24] /n .ahunter
[06/02/2013 13:22:13] /n .ahunterwingeon
[06/02/2013 16:36:11] /m shiny abra
[06/02/2013 16:36:17] /i ultra ball
